training res4-nodueling_s0 -> <repo>\results_gpu\runs\res4-nodueling_s0
TrainConfig(arch='res4', obs='fields', width=16, double=True, dueling=False, n_step=3, gamma=0.99, lr=0.0005, batch=32, buffer=100000, learn_start=4000, n_envs=8, steps_per_update=4, total_env_steps=300000, tau=0.01, eps_start=1.0, eps_end=0.05, eps_frac=0.4, grad_clip=10.0, eval_every=20000, seed=0, threads=1, device='cuda')
[val] steps=20000 updates=3998 val_score=17.2 death=1.00 win=0.00 (3.1 min)
[val] steps=40000 updates=8998 val_score=29.1 death=1.00 win=0.00 (6.8 min)
[val] steps=60000 updates=13998 val_score=45.9 death=1.00 win=0.00 (10.6 min)
[val] steps=80000 updates=18998 val_score=44.8 death=1.00 win=0.00 (14.4 min)
[val] steps=100000 updates=23998 val_score=77.8 death=1.00 win=0.00 (18.3 min)
[val] steps=120000 updates=28998 val_score=54.9 death=1.00 win=0.00 (22.1 min)
[val] steps=140000 updates=33998 val_score=128.7 death=1.00 win=0.00 (26.0 min)
[val] steps=160000 updates=38998 val_score=152.2 death=1.00 win=0.00 (30.1 min)
[val] steps=180000 updates=43998 val_score=167.1 death=1.00 win=0.00 (34.1 min)
[val] steps=200000 updates=48998 val_score=119.6 death=1.00 win=0.00 (38.0 min)
[val] steps=220000 updates=53998 val_score=113.1 death=1.00 win=0.00 (41.9 min)
[val] steps=240000 updates=58998 val_score=92.7 death=1.00 win=0.00 (45.8 min)
[val] steps=260000 updates=63998 val_score=94.2 death=1.00 win=0.00 (49.7 min)
[val] steps=280000 updates=68998 val_score=104.8 death=1.00 win=0.00 (53.7 min)
[val] steps=300000 updates=73998 val_score=58.6 death=1.00 win=0.00 (57.6 min)
[final] steps=300000 updates=73998 val_score=58.6 death=1.00 win=0.00 (57.8 min)
{"best_val_score": 167.12, "best_env_steps": 180000, "updates": 73998, "minutes": 57.82898762623469}
res4-nodueling_s0 standard/test: score 168.6 [158.0, 179.4]  death 0.98  win 0.00  steps 287
res4-nodueling_s0 hard/test: score 73.0 [67.0, 79.4]  death 1.00  win 0.00  steps 86
