training res8_s1 -> <repo>\python\..\results_gpu\runs\res8_s1
TrainConfig(arch='res8', obs='fields', width=16, double=True, dueling=True, n_step=3, gamma=0.99, lr=0.0005, batch=32, buffer=100000, learn_start=4000, n_envs=8, steps_per_update=4, total_env_steps=300000, tau=0.01, eps_start=1.0, eps_end=0.05, eps_frac=0.4, grad_clip=10.0, eval_every=20000, seed=1, threads=1, device='cuda')
[val] steps=20000 updates=3998 val_score=30.6 death=1.00 win=0.00 (4.9 min)
[val] steps=40000 updates=8998 val_score=33.5 death=1.00 win=0.00 (10.9 min)
[val] steps=60000 updates=13998 val_score=35.3 death=1.00 win=0.00 (16.8 min)
[val] steps=80000 updates=18998 val_score=46.7 death=1.00 win=0.00 (22.7 min)
[val] steps=100000 updates=23998 val_score=56.2 death=1.00 win=0.00 (28.6 min)
[val] steps=120000 updates=28998 val_score=88.1 death=1.00 win=0.00 (34.6 min)
[val] steps=140000 updates=33998 val_score=97.0 death=1.00 win=0.00 (40.6 min)
[val] steps=160000 updates=38998 val_score=111.8 death=1.00 win=0.00 (46.6 min)
[val] steps=180000 updates=43998 val_score=122.8 death=1.00 win=0.00 (52.6 min)
[val] steps=200000 updates=48998 val_score=93.9 death=1.00 win=0.00 (58.5 min)
[val] steps=220000 updates=53998 val_score=81.8 death=1.00 win=0.00 (64.4 min)
[val] steps=240000 updates=58998 val_score=48.3 death=1.00 win=0.00 (70.2 min)
[val] steps=260000 updates=63998 val_score=89.3 death=1.00 win=0.00 (76.2 min)
[val] steps=280000 updates=68998 val_score=80.5 death=1.00 win=0.00 (82.1 min)
[val] steps=300000 updates=73998 val_score=113.5 death=1.00 win=0.00 (88.0 min)
[final] steps=300000 updates=73998 val_score=113.5 death=1.00 win=0.00 (88.3 min)
{"best_val_score": 122.76, "best_env_steps": 180000, "updates": 73998, "minutes": 88.26713164250056}
res8_s1 standard/test: score 129.3 [119.8, 138.8]  death 1.00  win 0.00  steps 191
res8_s1 hard/test: score 46.4 [42.1, 50.9]  death 1.00  win 0.00  steps 53
