training res2_s2 -> <repo>\python\..\results_gpu\runs\res2_s2
TrainConfig(arch='res2', obs='fields', width=16, double=True, dueling=True, n_step=3, gamma=0.99, lr=0.0005, batch=32, buffer=100000, learn_start=4000, n_envs=8, steps_per_update=4, total_env_steps=300000, tau=0.01, eps_start=1.0, eps_end=0.05, eps_frac=0.4, grad_clip=10.0, eval_every=20000, seed=2, threads=1, device='cuda')
[val] steps=20000 updates=3998 val_score=21.2 death=1.00 win=0.00 (2.6 min)
[val] steps=40000 updates=8998 val_score=26.1 death=1.00 win=0.00 (5.6 min)
[val] steps=60000 updates=13998 val_score=47.7 death=1.00 win=0.00 (8.8 min)
[val] steps=80000 updates=18998 val_score=59.2 death=1.00 win=0.00 (11.9 min)
[val] steps=100000 updates=23998 val_score=53.7 death=1.00 win=0.00 (15.0 min)
[val] steps=120000 updates=28998 val_score=112.7 death=1.00 win=0.00 (18.3 min)
[val] steps=140000 updates=33998 val_score=113.3 death=1.00 win=0.00 (21.4 min)
[val] steps=160000 updates=38998 val_score=146.0 death=1.00 win=0.00 (24.8 min)
[val] steps=180000 updates=43998 val_score=123.5 death=1.00 win=0.00 (28.0 min)
[val] steps=200000 updates=48998 val_score=100.7 death=1.00 win=0.00 (31.2 min)
[val] steps=220000 updates=53998 val_score=87.8 death=1.00 win=0.00 (34.3 min)
[val] steps=240000 updates=58998 val_score=94.3 death=1.00 win=0.00 (37.5 min)
[val] steps=260000 updates=63998 val_score=91.6 death=1.00 win=0.00 (40.8 min)
[val] steps=280000 updates=68998 val_score=98.2 death=1.00 win=0.00 (43.9 min)
[val] steps=300000 updates=73998 val_score=105.1 death=1.00 win=0.00 (47.1 min)
[final] steps=300000 updates=73998 val_score=105.1 death=1.00 win=0.00 (47.3 min)
{"best_val_score": 146.04, "best_env_steps": 160000, "updates": 73998, "minutes": 47.31777609189351}
res2_s2 standard/test: score 136.4 [128.5, 144.1]  death 1.00  win 0.00  steps 261
res2_s2 hard/test: score 62.3 [57.2, 67.4]  death 1.00  win 0.00  steps 78
