training mlp-nstep1_s0 -> <repo>\python\..\results_gpu\runs\mlp-nstep1_s0
TrainConfig(arch='mlp', obs='fields', width=16, double=True, dueling=True, n_step=1, gamma=0.99, lr=0.0005, batch=32, buffer=100000, learn_start=4000, n_envs=8, steps_per_update=4, total_env_steps=300000, tau=0.01, eps_start=1.0, eps_end=0.05, eps_frac=0.4, grad_clip=10.0, eval_every=20000, seed=0, threads=1, device='cpu')
[val] steps=20000 updates=4002 val_score=133.6 death=1.00 win=0.00 (1.0 min)
[val] steps=40000 updates=9002 val_score=221.4 death=0.88 win=0.12 (2.4 min)
[val] steps=60000 updates=14002 val_score=216.4 death=0.88 win=0.12 (3.8 min)
[val] steps=80000 updates=19002 val_score=197.1 death=0.90 win=0.10 (5.1 min)
[val] steps=100000 updates=24002 val_score=183.5 death=0.96 win=0.04 (6.5 min)
[val] steps=120000 updates=29002 val_score=194.0 death=0.92 win=0.08 (7.9 min)
[val] steps=140000 updates=34002 val_score=172.4 death=0.94 win=0.06 (9.3 min)
[val] steps=160000 updates=39002 val_score=225.9 death=0.80 win=0.20 (10.7 min)
[val] steps=180000 updates=44002 val_score=215.1 death=0.86 win=0.14 (12.2 min)
[val] steps=200000 updates=49002 val_score=274.0 death=0.68 win=0.32 (13.7 min)
[val] steps=220000 updates=54002 val_score=243.2 death=0.82 win=0.18 (15.2 min)
[val] steps=240000 updates=59002 val_score=264.5 death=0.76 win=0.24 (16.7 min)
[val] steps=260000 updates=64002 val_score=273.1 death=0.78 win=0.22 (18.3 min)
[val] steps=280000 updates=69002 val_score=254.7 death=0.72 win=0.28 (19.8 min)
[val] steps=300000 updates=74002 val_score=231.6 death=0.76 win=0.24 (21.5 min)
[final] steps=300000 updates=74002 val_score=231.6 death=0.76 win=0.24 (21.6 min)
{"best_val_score": 273.96, "best_env_steps": 200000, "updates": 74002, "minutes": 21.592792828877766}
mlp-nstep1_s0 standard/test: score 249.3 [235.7, 263.7]  death 0.77  win 0.23  steps 356
mlp-nstep1_s0 hard/test: score 69.6 [63.9, 75.5]  death 1.00  win 0.00  steps 84
