training res4-nodouble_s1 -> <repo>\results_gpu\runs\res4-nodouble_s1
TrainConfig(arch='res4', obs='fields', width=16, double=False, dueling=True, n_step=3, gamma=0.99, lr=0.0005, batch=32, buffer=100000, learn_start=4000, n_envs=8, steps_per_update=4, total_env_steps=300000, tau=0.01, eps_start=1.0, eps_end=0.05, eps_frac=0.4, grad_clip=10.0, eval_every=20000, seed=1, threads=1, device='cuda')
[val] steps=20000 updates=3998 val_score=25.2 death=1.00 win=0.00 (2.9 min)
[val] steps=40000 updates=8998 val_score=12.5 death=1.00 win=0.00 (6.3 min)
[val] steps=60000 updates=13998 val_score=35.1 death=1.00 win=0.00 (9.7 min)
[val] steps=80000 updates=18998 val_score=34.9 death=1.00 win=0.00 (13.2 min)
[val] steps=100000 updates=23998 val_score=71.3 death=1.00 win=0.00 (16.7 min)
[val] steps=120000 updates=28998 val_score=78.3 death=1.00 win=0.00 (20.3 min)
[val] steps=140000 updates=33998 val_score=98.7 death=1.00 win=0.00 (23.9 min)
[val] steps=160000 updates=38998 val_score=128.2 death=1.00 win=0.00 (27.4 min)
[val] steps=180000 updates=43998 val_score=118.2 death=1.00 win=0.00 (30.9 min)
training res4-nodouble_s1 -> <repo>\results_gpu\runs\res4-nodouble_s1
TrainConfig(arch='res4', obs='fields', width=16, double=False, dueling=True, n_step=3, gamma=0.99, lr=0.0005, batch=32, buffer=100000, learn_start=4000, n_envs=8, steps_per_update=4, total_env_steps=300000, tau=0.01, eps_start=1.0, eps_end=0.05, eps_frac=0.4, grad_clip=10.0, eval_every=20000, seed=1, threads=1, device='cuda')
[resume] continuing from env_steps=180000 updates=43998
[val] steps=200000 updates=48998 val_score=117.7 death=1.00 win=0.00 (34.6 min)
[val] steps=220000 updates=53998 val_score=120.0 death=1.00 win=0.00 (38.2 min)
[val] steps=240000 updates=58998 val_score=68.6 death=1.00 win=0.00 (41.7 min)
[val] steps=260000 updates=63998 val_score=81.4 death=1.00 win=0.00 (45.2 min)
[val] steps=280000 updates=68998 val_score=132.6 death=1.00 win=0.00 (48.8 min)
[val] steps=300000 updates=73998 val_score=124.9 death=1.00 win=0.00 (52.4 min)
[final] steps=300000 updates=73998 val_score=124.9 death=1.00 win=0.00 (52.6 min)
{"best_val_score": 132.56, "best_env_steps": 280000, "updates": 73998, "minutes": 52.624338738123576}
res4-nodouble_s1 standard/test: score 138.5 [129.0, 148.1]  death 1.00  win 0.00  steps 234
res4-nodouble_s1 hard/test: score 68.1 [62.1, 74.1]  death 1.00  win 0.00  steps 78
