training mlp-nodueling_s2 -> <repo>\python\..\results_gpu\runs\mlp-nodueling_s2
TrainConfig(arch='mlp', obs='fields', width=16, double=True, dueling=False, n_step=3, gamma=0.99, lr=0.0005, batch=32, buffer=100000, learn_start=4000, n_envs=8, steps_per_update=4, total_env_steps=300000, tau=0.01, eps_start=1.0, eps_end=0.05, eps_frac=0.4, grad_clip=10.0, eval_every=20000, seed=2, threads=1, device='cpu')
[val] steps=20000 updates=3998 val_score=46.8 death=1.00 win=0.00 (0.8 min)
[val] steps=40000 updates=8998 val_score=58.1 death=1.00 win=0.00 (1.9 min)
[val] steps=60000 updates=13998 val_score=183.6 death=0.98 win=0.02 (3.0 min)
[val] steps=80000 updates=18998 val_score=184.2 death=0.84 win=0.16 (4.2 min)
[val] steps=100000 updates=23998 val_score=229.0 death=0.72 win=0.28 (5.3 min)
[val] steps=120000 updates=28998 val_score=252.8 death=0.76 win=0.24 (6.4 min)
[val] steps=140000 updates=33998 val_score=249.1 death=0.76 win=0.24 (7.6 min)
[val] steps=160000 updates=38998 val_score=241.0 death=0.70 win=0.30 (8.8 min)
[val] steps=180000 updates=43998 val_score=260.0 death=0.68 win=0.32 (10.1 min)
[val] steps=200000 updates=48998 val_score=263.2 death=0.78 win=0.22 (11.3 min)
[val] steps=220000 updates=53998 val_score=209.8 death=0.86 win=0.14 (12.6 min)
[val] steps=240000 updates=58998 val_score=269.0 death=0.62 win=0.38 (13.9 min)
[val] steps=260000 updates=63998 val_score=233.1 death=0.78 win=0.22 (15.3 min)
[val] steps=280000 updates=68998 val_score=261.8 death=0.78 win=0.22 (16.7 min)
[val] steps=300000 updates=73998 val_score=284.3 death=0.60 win=0.40 (18.0 min)
[final] steps=300000 updates=73998 val_score=284.3 death=0.60 win=0.40 (18.2 min)
{"best_val_score": 284.34, "best_env_steps": 300000, "updates": 73998, "minutes": 18.165702346960703}
mlp-nodueling_s2 standard/test: score 258.1 [243.6, 272.2]  death 0.65  win 0.35  steps 384
mlp-nodueling_s2 hard/test: score 87.2 [79.6, 95.2]  death 1.00  win 0.00  steps 113
