training mlp-nodouble_s0 -> <repo>\python\..\results_gpu\runs\mlp-nodouble_s0
TrainConfig(arch='mlp', obs='fields', width=16, double=False, dueling=True, n_step=3, gamma=0.99, lr=0.0005, batch=32, buffer=100000, learn_start=4000, n_envs=8, steps_per_update=4, total_env_steps=300000, tau=0.01, eps_start=1.0, eps_end=0.05, eps_frac=0.4, grad_clip=10.0, eval_every=20000, seed=0, threads=1, device='cpu')
[val] steps=20000 updates=3998 val_score=58.2 death=1.00 win=0.00 (0.9 min)
[val] steps=40000 updates=8998 val_score=78.4 death=1.00 win=0.00 (2.0 min)
[val] steps=60000 updates=13998 val_score=129.9 death=1.00 win=0.00 (3.2 min)
[val] steps=80000 updates=18998 val_score=183.0 death=0.96 win=0.04 (4.5 min)
[val] steps=100000 updates=23998 val_score=254.5 death=0.82 win=0.18 (5.8 min)
[val] steps=120000 updates=28998 val_score=228.1 death=0.94 win=0.06 (7.2 min)
[val] steps=140000 updates=33998 val_score=243.4 death=0.80 win=0.20 (8.5 min)
[val] steps=160000 updates=38998 val_score=239.9 death=0.82 win=0.18 (9.9 min)
[val] steps=180000 updates=43998 val_score=267.8 death=0.72 win=0.28 (11.2 min)
[val] steps=200000 updates=48998 val_score=224.7 death=0.82 win=0.18 (12.7 min)
[val] steps=220000 updates=53998 val_score=249.2 death=0.82 win=0.18 (14.1 min)
[val] steps=240000 updates=58998 val_score=262.8 death=0.68 win=0.32 (15.6 min)
[val] steps=260000 updates=63998 val_score=218.2 death=0.74 win=0.26 (17.1 min)
[val] steps=280000 updates=68998 val_score=235.2 death=0.80 win=0.20 (18.6 min)
[val] steps=300000 updates=73998 val_score=278.8 death=0.60 win=0.40 (20.1 min)
[final] steps=300000 updates=73998 val_score=278.8 death=0.60 win=0.40 (20.3 min)
{"best_val_score": 278.76, "best_env_steps": 300000, "updates": 73998, "minutes": 20.287213623523712}
mlp-nodouble_s0 standard/test: score 267.1 [254.4, 279.9]  death 0.71  win 0.29  steps 404
mlp-nodouble_s0 hard/test: score 72.1 [66.2, 78.5]  death 1.00  win 0.00  steps 91
