training res4raw_s1 -> <repo>\results_gpu\runs\res4raw_s1
TrainConfig(arch='res4', obs='grid', width=16, double=True, dueling=True, n_step=3, gamma=0.99, lr=0.0005, batch=32, buffer=100000, learn_start=4000, n_envs=8, steps_per_update=4, total_env_steps=300000, tau=0.01, eps_start=1.0, eps_end=0.05, eps_frac=0.4, grad_clip=10.0, eval_every=20000, seed=1, threads=1, device='cuda')
[val] steps=20000 updates=3998 val_score=23.7 death=1.00 win=0.00 (1.5 min)
[val] steps=40000 updates=8998 val_score=26.2 death=1.00 win=0.00 (3.3 min)
[val] steps=60000 updates=13998 val_score=33.4 death=1.00 win=0.00 (5.1 min)
[val] steps=80000 updates=18998 val_score=43.6 death=1.00 win=0.00 (7.0 min)
[val] steps=100000 updates=23998 val_score=56.7 death=1.00 win=0.00 (8.8 min)
[val] steps=120000 updates=28998 val_score=72.7 death=1.00 win=0.00 (10.7 min)
[val] steps=140000 updates=33998 val_score=78.1 death=1.00 win=0.00 (12.4 min)
[val] steps=160000 updates=38998 val_score=87.9 death=1.00 win=0.00 (14.3 min)
[val] steps=180000 updates=43998 val_score=103.8 death=1.00 win=0.00 (16.1 min)
[val] steps=200000 updates=48998 val_score=94.1 death=1.00 win=0.00 (18.0 min)
[val] steps=220000 updates=53998 val_score=85.1 death=1.00 win=0.00 (19.9 min)
[val] steps=240000 updates=58998 val_score=73.0 death=1.00 win=0.00 (21.7 min)
[val] steps=260000 updates=63998 val_score=82.2 death=1.00 win=0.00 (23.6 min)
[val] steps=280000 updates=68998 val_score=86.2 death=1.00 win=0.00 (25.4 min)
[val] steps=300000 updates=73998 val_score=86.4 death=1.00 win=0.00 (27.2 min)
[final] steps=300000 updates=73998 val_score=86.4 death=1.00 win=0.00 (27.3 min)
{"best_val_score": 103.78, "best_env_steps": 180000, "updates": 73998, "minutes": 27.2844118475914}
res4raw_s1 standard/test: score 109.6 [102.2, 117.2]  death 1.00  win 0.00  steps 181
res4raw_s1 hard/test: score 45.6 [41.9, 49.5]  death 1.00  win 0.00  steps 56
