device: cuda (NVIDIA RTX A1000 6GB Laptop GPU)
mlp   batch 32:     1.5 ms/update
cnn2  batch 32:     1.6 ms/update
res2  batch 32:     3.5 ms/update
res4  batch 32:     5.3 ms/update
res8  batch 32:     8.5 ms/update
random          standard/val: score 8.3 [6.8, 9.9]  death 1.00  win 0.00  steps 42
random          standard/test: score 7.5 [6.9, 8.1]  death 1.00  win 0.00  steps 41
random          hard/val: score 4.9 [4.2, 5.6]  death 1.00  win 0.00  steps 21
random          hard/test: score 4.3 [4.0, 4.6]  death 1.00  win 0.00  steps 18
greedy-bfs      standard/val: score 63.3 [49.1, 79.1]  death 1.00  win 0.00  steps 68
greedy-bfs      standard/test: score 60.3 [55.0, 65.8]  death 1.00  win 0.00  steps 64
greedy-bfs      hard/val: score 33.5 [27.4, 39.7]  death 1.00  win 0.00  steps 35
greedy-bfs      hard/test: score 31.1 [28.5, 33.7]  death 1.00  win 0.00  steps 32
legacy          standard/val: score 149.6 [126.4, 174.5]  death 0.98  win 0.02  steps 233
legacy          standard/test: score 153.4 [141.7, 165.7]  death 0.95  win 0.05  steps 247
legacy          hard/val: score 44.6 [38.3, 51.0]  death 1.00  win 0.00  steps 60
legacy          hard/test: score 42.2 [39.5, 45.0]  death 1.00  win 0.00  steps 60
safe-heuristic  standard/val: score 276.9 [245.3, 306.7]  death 0.74  win 0.24  steps 455
safe-heuristic  standard/test: score 268.2 [254.7, 281.1]  death 0.81  win 0.17  steps 448
safe-heuristic  hard/val: score 93.7 [77.3, 110.5]  death 1.00  win 0.00  steps 117
safe-heuristic  hard/test: score 85.9 [78.8, 93.1]  death 1.00  win 0.00  steps 106
tabular ep 500: eps=0.68 return=1.8 score=12.2
tabular ep 1000: eps=0.37 return=13.8 score=24.3
tabular ep 1500: eps=0.05 return=37.5 score=48.2
tabular ep 2000: eps=0.05 return=58.6 score=69.5
tabular ep 2500: eps=0.05 return=62.8 score=73.7
tabular ep 3000: eps=0.05 return=63.4 score=74.3
tabular-q s0 standard/val: score 90.2 [70.1, 111.7]  death 1.00  win 0.00  steps 109
tabular-q s0 standard/test: score 70.1 [63.9, 76.6]  death 1.00  win 0.00  steps 84
tabular-q s0 hard/test: score 32.7 [29.3, 36.4]  death 1.00  win 0.00  steps 39
tabular ep 500: eps=0.68 return=1.0 score=11.4
tabular ep 1000: eps=0.37 return=17.4 score=27.9
tabular ep 1500: eps=0.05 return=40.0 score=50.8
tabular ep 2000: eps=0.05 return=64.4 score=75.4
tabular ep 2500: eps=0.05 return=55.0 score=65.9
tabular ep 3000: eps=0.05 return=67.9 score=79.0
tabular-q s1 standard/val: score 80.4 [64.1, 97.8]  death 1.00  win 0.00  steps 93
tabular-q s1 standard/test: score 77.3 [70.3, 84.8]  death 1.00  win 0.00  steps 90
tabular-q s1 hard/test: score 35.2 [32.4, 38.2]  death 1.00  win 0.00  steps 41
tabular ep 500: eps=0.68 return=1.6 score=12.0
tabular ep 1000: eps=0.37 return=17.6 score=28.2
tabular ep 1500: eps=0.05 return=39.5 score=50.3
tabular ep 2000: eps=0.05 return=53.6 score=64.4
tabular ep 2500: eps=0.05 return=60.4 score=71.3
tabular ep 3000: eps=0.05 return=61.9 score=72.9
tabular-q s2 standard/val: score 91.3 [72.0, 111.6]  death 1.00  win 0.00  steps 113
tabular-q s2 standard/test: score 93.6 [85.5, 102.1]  death 1.00  win 0.00  steps 113
tabular-q s2 hard/test: score 38.3 [35.3, 41.5]  death 1.00  win 0.00  steps 45
start mlp_s0start mlp_s2
start mlp_s1

