training res4-nstep1_s2 -> <repo>\results_gpu\runs\res4-nstep1_s2
TrainConfig(arch='res4', obs='fields', width=16, double=True, dueling=True, n_step=1, gamma=0.99, lr=0.0005, batch=32, buffer=100000, learn_start=4000, n_envs=8, steps_per_update=4, total_env_steps=300000, tau=0.01, eps_start=1.0, eps_end=0.05, eps_frac=0.4, grad_clip=10.0, eval_every=20000, seed=2, threads=1, device='cuda')
[val] steps=20000 updates=4002 val_score=43.6 death=1.00 win=0.00 (3.3 min)
[val] steps=40000 updates=9002 val_score=67.7 death=1.00 win=0.00 (7.1 min)
[val] steps=60000 updates=14002 val_score=89.8 death=1.00 win=0.00 (11.2 min)
[val] steps=80000 updates=19002 val_score=129.4 death=0.94 win=0.00 (15.5 min)
[val] steps=100000 updates=24002 val_score=190.9 death=0.90 win=0.00 (19.8 min)
[val] steps=120000 updates=29002 val_score=200.1 death=0.86 win=0.00 (24.1 min)
[val] steps=140000 updates=34002 val_score=138.3 death=0.94 win=0.00 (26.0 min)
[val] steps=160000 updates=39002 val_score=209.3 death=0.92 win=0.00 (27.4 min)
[val] steps=180000 updates=44002 val_score=199.3 death=0.90 win=0.00 (29.2 min)
[val] steps=200000 updates=49002 val_score=199.1 death=0.90 win=0.00 (31.2 min)
[val] steps=220000 updates=54002 val_score=230.6 death=0.90 win=0.00 (33.1 min)
[val] steps=240000 updates=59002 val_score=203.8 death=0.88 win=0.00 (35.1 min)
[val] steps=260000 updates=64002 val_score=158.2 death=0.94 win=0.00 (37.0 min)
[val] steps=280000 updates=69002 val_score=235.3 death=0.86 win=0.00 (39.0 min)
[val] steps=300000 updates=74002 val_score=227.9 death=0.88 win=0.00 (40.9 min)
[final] steps=300000 updates=74002 val_score=227.9 death=0.88 win=0.00 (41.0 min)
{"best_val_score": 235.34, "best_env_steps": 280000, "updates": 74002, "minutes": 41.0168653289477}
res4-nstep1_s2 standard/test: score 242.1 [231.0, 253.0]  death 0.86  win 0.00  steps 510
res4-nstep1_s2 hard/test: score 133.9 [124.9, 143.2]  death 1.00  win 0.00  steps 166
