training cnn2_s2 -> <repo>\python\..\results_gpu\runs\cnn2_s2
TrainConfig(arch='cnn2', obs='fields', width=16, double=True, dueling=True, n_step=3, gamma=0.99, lr=0.0005, batch=32, buffer=100000, learn_start=4000, n_envs=8, steps_per_update=4, total_env_steps=300000, tau=0.01, eps_start=1.0, eps_end=0.05, eps_frac=0.4, grad_clip=10.0, eval_every=20000, seed=2, threads=1, device='cuda')
[val] steps=20000 updates=3998 val_score=39.3 death=1.00 win=0.00 (1.9 min)
[val] steps=40000 updates=8998 val_score=42.0 death=1.00 win=0.00 (4.2 min)
[val] steps=60000 updates=13998 val_score=43.0 death=1.00 win=0.00 (6.5 min)
[val] steps=80000 updates=18998 val_score=51.4 death=1.00 win=0.00 (8.9 min)
[val] steps=100000 updates=23998 val_score=64.8 death=1.00 win=0.00 (11.2 min)
[val] steps=120000 updates=28998 val_score=72.9 death=1.00 win=0.00 (13.6 min)
[val] steps=140000 updates=33998 val_score=84.1 death=1.00 win=0.00 (16.0 min)
[val] steps=160000 updates=38998 val_score=97.4 death=1.00 win=0.00 (18.4 min)
[val] steps=180000 updates=43998 val_score=100.3 death=1.00 win=0.00 (20.7 min)
[val] steps=200000 updates=48998 val_score=106.8 death=1.00 win=0.00 (23.2 min)
[val] steps=220000 updates=53998 val_score=98.5 death=1.00 win=0.00 (25.6 min)
[val] steps=240000 updates=58998 val_score=119.7 death=1.00 win=0.00 (28.0 min)
[val] steps=260000 updates=63998 val_score=132.7 death=1.00 win=0.00 (30.4 min)
[val] steps=280000 updates=68998 val_score=115.8 death=1.00 win=0.00 (32.9 min)
[val] steps=300000 updates=73998 val_score=141.3 death=1.00 win=0.00 (35.2 min)
[final] steps=300000 updates=73998 val_score=141.3 death=1.00 win=0.00 (35.4 min)
{"best_val_score": 141.3, "best_env_steps": 300000, "updates": 73998, "minutes": 35.43136104742686}
cnn2_s2 standard/test: score 140.8 [132.0, 150.0]  death 1.00  win 0.00  steps 196
cnn2_s2 hard/test: score 64.9 [59.9, 70.1]  death 1.00  win 0.00  steps 73
