training res4raw_s2 -> <repo>\results_gpu\runs\res4raw_s2
TrainConfig(arch='res4', obs='grid', width=16, double=True, dueling=True, n_step=3, gamma=0.99, lr=0.0005, batch=32, buffer=100000, learn_start=4000, n_envs=8, steps_per_update=4, total_env_steps=300000, tau=0.01, eps_start=1.0, eps_end=0.05, eps_frac=0.4, grad_clip=10.0, eval_every=20000, seed=2, threads=1, device='cuda')
[val] steps=20000 updates=3998 val_score=33.9 death=1.00 win=0.00 (1.5 min)
[val] steps=40000 updates=8998 val_score=44.8 death=1.00 win=0.00 (3.4 min)
[val] steps=60000 updates=13998 val_score=52.3 death=1.00 win=0.00 (5.2 min)
[val] steps=80000 updates=18998 val_score=50.6 death=1.00 win=0.00 (7.0 min)
[val] steps=100000 updates=23998 val_score=62.2 death=1.00 win=0.00 (8.9 min)
[val] steps=120000 updates=28998 val_score=60.7 death=1.00 win=0.00 (10.7 min)
[val] steps=140000 updates=33998 val_score=105.2 death=1.00 win=0.00 (12.6 min)
[val] steps=160000 updates=38998 val_score=116.3 death=1.00 win=0.00 (14.4 min)
[val] steps=180000 updates=43998 val_score=137.9 death=1.00 win=0.00 (15.6 min)
[val] steps=200000 updates=48998 val_score=93.9 death=1.00 win=0.00 (16.5 min)
[val] steps=220000 updates=53998 val_score=80.2 death=1.00 win=0.00 (17.4 min)
[val] steps=240000 updates=58998 val_score=108.7 death=1.00 win=0.00 (18.3 min)
[val] steps=260000 updates=63998 val_score=79.2 death=1.00 win=0.00 (19.1 min)
[val] steps=280000 updates=68998 val_score=76.1 death=1.00 win=0.00 (20.0 min)
[val] steps=300000 updates=73998 val_score=70.7 death=1.00 win=0.00 (20.9 min)
[final] steps=300000 updates=73998 val_score=70.7 death=1.00 win=0.00 (20.9 min)
{"best_val_score": 137.92, "best_env_steps": 180000, "updates": 73998, "minutes": 20.945790827274323}
res4raw_s2 standard/test: score 121.4 [113.7, 129.0]  death 1.00  win 0.00  steps 215
res4raw_s2 hard/test: score 49.7 [45.6, 54.1]  death 1.00  win 0.00  steps 61
