training res2_s0 -> <repo>\python\..\results_gpu\runs\res2_s0
TrainConfig(arch='res2', obs='fields', width=16, double=True, dueling=True, n_step=3, gamma=0.99, lr=0.0005, batch=32, buffer=100000, learn_start=4000, n_envs=8, steps_per_update=4, total_env_steps=300000, tau=0.01, eps_start=1.0, eps_end=0.05, eps_frac=0.4, grad_clip=10.0, eval_every=20000, seed=0, threads=1, device='cuda')
[val] steps=20000 updates=3998 val_score=26.5 death=1.00 win=0.00 (2.5 min)
[val] steps=40000 updates=8998 val_score=30.7 death=1.00 win=0.00 (5.6 min)
[val] steps=60000 updates=13998 val_score=41.7 death=1.00 win=0.00 (8.7 min)
[val] steps=80000 updates=18998 val_score=62.6 death=1.00 win=0.00 (11.8 min)
[val] steps=100000 updates=23998 val_score=94.7 death=1.00 win=0.00 (14.9 min)
[val] steps=120000 updates=28998 val_score=105.0 death=1.00 win=0.00 (18.1 min)
[val] steps=140000 updates=33998 val_score=166.6 death=0.98 win=0.00 (21.3 min)
[val] steps=160000 updates=38998 val_score=156.3 death=1.00 win=0.00 (24.5 min)
[val] steps=180000 updates=43998 val_score=187.4 death=0.98 win=0.00 (27.8 min)
[val] steps=200000 updates=48998 val_score=172.8 death=1.00 win=0.00 (31.1 min)
[val] steps=220000 updates=53998 val_score=129.3 death=1.00 win=0.00 (34.3 min)
[val] steps=240000 updates=58998 val_score=151.9 death=1.00 win=0.00 (37.5 min)
[val] steps=260000 updates=63998 val_score=124.2 death=1.00 win=0.00 (40.8 min)
[val] steps=280000 updates=68998 val_score=102.9 death=1.00 win=0.00 (43.9 min)
[val] steps=300000 updates=73998 val_score=145.1 death=1.00 win=0.00 (47.1 min)
[final] steps=300000 updates=73998 val_score=145.1 death=1.00 win=0.00 (47.4 min)
{"best_val_score": 187.36, "best_env_steps": 180000, "updates": 73998, "minutes": 47.436302522818245}
res2_s0 standard/test: score 175.9 [165.3, 186.8]  death 0.95  win 0.00  steps 357
res2_s0 hard/test: score 74.7 [69.0, 80.4]  death 1.00  win 0.00  steps 93
