training res4_s0 -> <repo>\python\..\results_gpu\runs\res4_s0
TrainConfig(arch='res4', obs='fields', width=16, double=True, dueling=True, n_step=3, gamma=0.99, lr=0.0005, batch=32, buffer=100000, learn_start=4000, n_envs=8, steps_per_update=4, total_env_steps=300000, tau=0.01, eps_start=1.0, eps_end=0.05, eps_frac=0.4, grad_clip=10.0, eval_every=20000, seed=0, threads=1, device='cuda')
[val] steps=20000 updates=3998 val_score=23.1 death=1.00 win=0.00 (3.3 min)
[val] steps=40000 updates=8998 val_score=22.8 death=1.00 win=0.00 (7.3 min)
[val] steps=60000 updates=13998 val_score=46.0 death=1.00 win=0.00 (11.3 min)
[val] steps=80000 updates=18998 val_score=57.0 death=1.00 win=0.00 (15.3 min)
[val] steps=100000 updates=23998 val_score=73.7 death=1.00 win=0.00 (19.4 min)
[val] steps=120000 updates=28998 val_score=74.5 death=1.00 win=0.00 (23.4 min)
[val] steps=140000 updates=33998 val_score=137.2 death=1.00 win=0.00 (27.5 min)
[val] steps=160000 updates=38998 val_score=129.1 death=0.98 win=0.00 (31.7 min)
[val] steps=180000 updates=43998 val_score=110.2 death=1.00 win=0.00 (35.8 min)
[val] steps=200000 updates=48998 val_score=87.9 death=1.00 win=0.00 (39.8 min)
[val] steps=220000 updates=53998 val_score=78.6 death=1.00 win=0.00 (43.9 min)
[val] steps=240000 updates=58998 val_score=93.0 death=1.00 win=0.00 (47.9 min)
[val] steps=260000 updates=63998 val_score=91.8 death=1.00 win=0.00 (51.9 min)
[val] steps=280000 updates=68998 val_score=114.5 death=1.00 win=0.00 (56.0 min)
[val] steps=300000 updates=73998 val_score=129.9 death=1.00 win=0.00 (60.1 min)
[final] steps=300000 updates=73998 val_score=129.9 death=1.00 win=0.00 (60.3 min)
{"best_val_score": 137.16, "best_env_steps": 140000, "updates": 73998, "minutes": 60.27752653360367}
res4_s0 standard/test: score 142.8 [134.1, 151.9]  death 1.00  win 0.00  steps 247
res4_s0 hard/test: score 45.2 [41.5, 49.1]  death 1.00  win 0.00  steps 56
