training mlp-nodueling_s0 -> <repo>\python\..\results_gpu\runs\mlp-nodueling_s0
TrainConfig(arch='mlp', obs='fields', width=16, double=True, dueling=False, n_step=3, gamma=0.99, lr=0.0005, batch=32, buffer=100000, learn_start=4000, n_envs=8, steps_per_update=4, total_env_steps=300000, tau=0.01, eps_start=1.0, eps_end=0.05, eps_frac=0.4, grad_clip=10.0, eval_every=20000, seed=0, threads=1, device='cpu')
[val] steps=20000 updates=3998 val_score=46.8 death=1.00 win=0.00 (0.9 min)
[val] steps=40000 updates=8998 val_score=63.4 death=1.00 win=0.00 (1.9 min)
[val] steps=60000 updates=13998 val_score=109.2 death=1.00 win=0.00 (3.1 min)
[val] steps=80000 updates=18998 val_score=134.2 death=0.98 win=0.02 (4.3 min)
[val] steps=100000 updates=23998 val_score=243.1 death=0.76 win=0.24 (5.6 min)
[val] steps=120000 updates=28998 val_score=277.1 death=0.72 win=0.28 (7.0 min)
[val] steps=140000 updates=33998 val_score=245.6 death=0.80 win=0.20 (8.4 min)
[val] steps=160000 updates=38998 val_score=237.9 death=0.80 win=0.20 (9.7 min)
[val] steps=180000 updates=43998 val_score=151.9 death=0.94 win=0.04 (11.0 min)
[val] steps=200000 updates=48998 val_score=274.3 death=0.76 win=0.24 (12.5 min)
[val] steps=220000 updates=53998 val_score=222.5 death=0.76 win=0.24 (13.9 min)
[val] steps=240000 updates=58998 val_score=118.0 death=0.88 win=0.00 (15.4 min)
[val] steps=260000 updates=63998 val_score=279.7 death=0.66 win=0.34 (16.9 min)
[val] steps=280000 updates=68998 val_score=260.9 death=0.64 win=0.36 (18.5 min)
[val] steps=300000 updates=73998 val_score=247.1 death=0.76 win=0.24 (20.1 min)
[final] steps=300000 updates=73998 val_score=247.1 death=0.76 win=0.24 (20.3 min)
{"best_val_score": 279.72, "best_env_steps": 260000, "updates": 73998, "minutes": 20.31549721956253}
mlp-nodueling_s0 standard/test: score 254.5 [240.9, 268.3]  death 0.75  win 0.25  steps 373
mlp-nodueling_s0 hard/test: score 80.6 [74.4, 87.4]  death 1.00  win 0.00  steps 100
