training mlp_s1 -> <repo>\python\..\results_gpu\runs\mlp_s1
TrainConfig(arch='mlp', obs='fields', width=16, double=True, dueling=True, n_step=3, gamma=0.99, lr=0.0005, batch=32, buffer=100000, learn_start=4000, n_envs=8, steps_per_update=4, total_env_steps=300000, tau=0.01, eps_start=1.0, eps_end=0.05, eps_frac=0.4, grad_clip=10.0, eval_every=20000, seed=1, threads=1, device='cpu')
[val] steps=20000 updates=3998 val_score=57.3 death=1.00 win=0.00 (0.2 min)
[val] steps=40000 updates=8998 val_score=127.6 death=0.98 win=0.02 (0.3 min)
training mlp_s1 -> <repo>\python\..\results_gpu\runs\mlp_s1
TrainConfig(arch='mlp', obs='fields', width=16, double=True, dueling=True, n_step=3, gamma=0.99, lr=0.0005, batch=32, buffer=100000, learn_start=4000, n_envs=8, steps_per_update=4, total_env_steps=300000, tau=0.01, eps_start=1.0, eps_end=0.05, eps_frac=0.4, grad_clip=10.0, eval_every=20000, seed=1, threads=1, device='cpu')
[resume] continuing from env_steps=40000 updates=8998
[val] steps=60000 updates=13998 val_score=138.9 death=0.98 win=0.02 (0.6 min)
[val] steps=80000 updates=18998 val_score=241.2 death=0.82 win=0.18 (0.8 min)
[val] steps=100000 updates=23998 val_score=241.6 death=0.88 win=0.12 (1.0 min)
[val] steps=120000 updates=28998 val_score=250.6 death=0.76 win=0.24 (1.2 min)
[val] steps=140000 updates=33998 val_score=251.1 death=0.72 win=0.28 (1.4 min)
[val] steps=160000 updates=38998 val_score=276.1 death=0.66 win=0.34 (1.7 min)
[val] steps=180000 updates=43998 val_score=262.7 death=0.72 win=0.28 (1.9 min)
[val] steps=200000 updates=48998 val_score=239.2 death=0.88 win=0.12 (2.0 min)
[val] steps=220000 updates=53998 val_score=276.7 death=0.66 win=0.34 (2.3 min)
[val] steps=240000 updates=58998 val_score=193.5 death=0.84 win=0.16 (2.5 min)
[val] steps=260000 updates=63998 val_score=138.4 death=0.88 win=0.06 (2.7 min)
[val] steps=280000 updates=68998 val_score=238.8 death=0.74 win=0.26 (2.9 min)
[val] steps=300000 updates=73998 val_score=214.2 death=0.78 win=0.22 (3.1 min)
[final] steps=300000 updates=73998 val_score=214.2 death=0.78 win=0.22 (3.1 min)
{"best_val_score": 276.66, "best_env_steps": 220000, "updates": 73998, "minutes": 3.1064815878868104}
mlp_s1 standard/test: score 252.6 [238.6, 265.8]  death 0.72  win 0.28  steps 372
mlp_s1 hard/test: score 79.2 [72.6, 86.0]  death 1.00  win 0.00  steps 100
