training mlp-nodueling_s1 -> <repo>\python\..\results_gpu\runs\mlp-nodueling_s1
TrainConfig(arch='mlp', obs='fields', width=16, double=True, dueling=False, n_step=3, gamma=0.99, lr=0.0005, batch=32, buffer=100000, learn_start=4000, n_envs=8, steps_per_update=4, total_env_steps=300000, tau=0.01, eps_start=1.0, eps_end=0.05, eps_frac=0.4, grad_clip=10.0, eval_every=20000, seed=1, threads=1, device='cpu')
[val] steps=20000 updates=3998 val_score=66.8 death=1.00 win=0.00 (0.9 min)
[val] steps=40000 updates=8998 val_score=89.2 death=1.00 win=0.00 (2.0 min)
[val] steps=60000 updates=13998 val_score=70.2 death=0.98 win=0.02 (3.2 min)
[val] steps=80000 updates=18998 val_score=111.5 death=0.96 win=0.00 (4.4 min)
[val] steps=100000 updates=23998 val_score=222.4 death=0.90 win=0.10 (5.6 min)
[val] steps=120000 updates=28998 val_score=196.0 death=0.88 win=0.12 (6.9 min)
[val] steps=140000 updates=33998 val_score=192.5 death=0.92 win=0.08 (8.2 min)
[val] steps=160000 updates=38998 val_score=122.8 death=0.94 win=0.00 (9.5 min)
[val] steps=180000 updates=43998 val_score=273.4 death=0.72 win=0.28 (10.8 min)
[val] steps=200000 updates=48998 val_score=287.7 death=0.62 win=0.38 (12.2 min)
[val] steps=220000 updates=53998 val_score=282.0 death=0.66 win=0.34 (13.6 min)
[val] steps=240000 updates=58998 val_score=228.7 death=0.96 win=0.04 (15.0 min)
[val] steps=260000 updates=63998 val_score=270.1 death=0.70 win=0.30 (16.5 min)
[val] steps=280000 updates=68998 val_score=271.8 death=0.94 win=0.06 (18.1 min)
[val] steps=300000 updates=73998 val_score=224.6 death=0.88 win=0.12 (19.6 min)
[final] steps=300000 updates=73998 val_score=224.6 death=0.88 win=0.12 (19.7 min)
{"best_val_score": 287.72, "best_env_steps": 200000, "updates": 73998, "minutes": 19.736561989784242}
mlp-nodueling_s1 standard/test: score 246.5 [232.5, 260.2]  death 0.77  win 0.23  steps 368
mlp-nodueling_s1 hard/test: score 80.7 [74.5, 87.2]  death 1.00  win 0.00  steps 102
