training res8_s2 -> <repo>\python\..\results_gpu\runs\res8_s2
TrainConfig(arch='res8', obs='fields', width=16, double=True, dueling=True, n_step=3, gamma=0.99, lr=0.0005, batch=32, buffer=100000, learn_start=4000, n_envs=8, steps_per_update=4, total_env_steps=300000, tau=0.01, eps_start=1.0, eps_end=0.05, eps_frac=0.4, grad_clip=10.0, eval_every=20000, seed=2, threads=1, device='cuda')
[val] steps=20000 updates=3998 val_score=23.6 death=1.00 win=0.00 (4.9 min)
[val] steps=40000 updates=8998 val_score=26.3 death=1.00 win=0.00 (10.8 min)
[val] steps=60000 updates=13998 val_score=39.1 death=1.00 win=0.00 (16.7 min)
[val] steps=80000 updates=18998 val_score=41.7 death=1.00 win=0.00 (22.8 min)
[val] steps=100000 updates=23998 val_score=69.1 death=1.00 win=0.00 (28.9 min)
[val] steps=120000 updates=28998 val_score=72.1 death=1.00 win=0.00 (34.9 min)
[val] steps=140000 updates=33998 val_score=83.6 death=1.00 win=0.00 (41.0 min)
[val] steps=160000 updates=38998 val_score=92.1 death=1.00 win=0.00 (47.0 min)
[val] steps=180000 updates=43998 val_score=85.7 death=1.00 win=0.00 (53.1 min)
[val] steps=200000 updates=48998 val_score=84.9 death=1.00 win=0.00 (59.1 min)
[val] steps=220000 updates=53998 val_score=61.3 death=1.00 win=0.00 (65.0 min)
[val] steps=240000 updates=58998 val_score=81.6 death=1.00 win=0.00 (71.0 min)
[val] steps=260000 updates=63998 val_score=90.9 death=1.00 win=0.00 (77.0 min)
[val] steps=280000 updates=68998 val_score=64.4 death=1.00 win=0.00 (83.0 min)
[val] steps=300000 updates=73998 val_score=101.9 death=1.00 win=0.00 (89.1 min)
[final] steps=300000 updates=73998 val_score=101.9 death=1.00 win=0.00 (89.3 min)
{"best_val_score": 101.92, "best_env_steps": 300000, "updates": 73998, "minutes": 89.32228399117788}
res8_s2 standard/test: score 103.7 [95.8, 111.9]  death 1.00  win 0.00  steps 148
res8_s2 hard/test: score 54.2 [49.3, 59.2]  death 1.00  win 0.00  steps 62
