training cnn2_s0 -> <repo>\python\..\results_gpu\runs\cnn2_s0
TrainConfig(arch='cnn2', obs='fields', width=16, double=True, dueling=True, n_step=3, gamma=0.99, lr=0.0005, batch=32, buffer=100000, learn_start=4000, n_envs=8, steps_per_update=4, total_env_steps=300000, tau=0.01, eps_start=1.0, eps_end=0.05, eps_frac=0.4, grad_clip=10.0, eval_every=20000, seed=0, threads=1, device='cuda')
[val] steps=20000 updates=3998 val_score=24.4 death=1.00 win=0.00 (2.0 min)
[val] steps=40000 updates=8998 val_score=32.3 death=1.00 win=0.00 (4.3 min)
[val] steps=60000 updates=13998 val_score=38.9 death=1.00 win=0.00 (6.5 min)
[val] steps=80000 updates=18998 val_score=47.1 death=1.00 win=0.00 (8.8 min)
[val] steps=100000 updates=23998 val_score=48.6 death=1.00 win=0.00 (11.2 min)
[val] steps=120000 updates=28998 val_score=67.1 death=1.00 win=0.00 (13.5 min)
[val] steps=140000 updates=33998 val_score=88.2 death=1.00 win=0.00 (15.8 min)
[val] steps=160000 updates=38998 val_score=82.6 death=1.00 win=0.00 (18.2 min)
[val] steps=180000 updates=43998 val_score=79.8 death=1.00 win=0.00 (20.5 min)
[val] steps=200000 updates=48998 val_score=90.9 death=1.00 win=0.00 (22.9 min)
[val] steps=220000 updates=53998 val_score=92.5 death=1.00 win=0.00 (25.3 min)
[val] steps=240000 updates=58998 val_score=127.9 death=1.00 win=0.00 (27.7 min)
[val] steps=260000 updates=63998 val_score=108.3 death=1.00 win=0.00 (30.1 min)
[val] steps=280000 updates=68998 val_score=128.6 death=1.00 win=0.00 (32.5 min)
[val] steps=300000 updates=73998 val_score=108.3 death=1.00 win=0.00 (34.8 min)
[final] steps=300000 updates=73998 val_score=108.3 death=1.00 win=0.00 (35.0 min)
{"best_val_score": 128.56, "best_env_steps": 280000, "updates": 73998, "minutes": 34.99746582905451}
cnn2_s0 standard/test: score 109.8 [101.6, 118.6]  death 1.00  win 0.00  steps 159
cnn2_s0 hard/test: score 52.6 [48.4, 57.2]  death 1.00  win 0.00  steps 60
