training res4-nodueling_s2 -> <repo>\results_gpu\runs\res4-nodueling_s2
TrainConfig(arch='res4', obs='fields', width=16, double=True, dueling=False, n_step=3, gamma=0.99, lr=0.0005, batch=32, buffer=100000, learn_start=4000, n_envs=8, steps_per_update=4, total_env_steps=300000, tau=0.01, eps_start=1.0, eps_end=0.05, eps_frac=0.4, grad_clip=10.0, eval_every=20000, seed=2, threads=1, device='cuda')
[val] steps=20000 updates=3998 val_score=20.7 death=1.00 win=0.00 (3.2 min)
[val] steps=40000 updates=8998 val_score=39.0 death=1.00 win=0.00 (7.0 min)
[val] steps=60000 updates=13998 val_score=39.7 death=1.00 win=0.00 (10.9 min)
[val] steps=80000 updates=18998 val_score=59.6 death=1.00 win=0.00 (14.9 min)
[val] steps=100000 updates=23998 val_score=81.7 death=1.00 win=0.00 (18.7 min)
[val] steps=120000 updates=28998 val_score=107.0 death=1.00 win=0.00 (22.7 min)
[val] steps=140000 updates=33998 val_score=133.3 death=1.00 win=0.00 (26.6 min)
[val] steps=160000 updates=38998 val_score=119.3 death=1.00 win=0.00 (30.5 min)
[val] steps=180000 updates=43998 val_score=128.8 death=1.00 win=0.00 (34.5 min)
[val] steps=200000 updates=48998 val_score=130.5 death=1.00 win=0.00 (38.4 min)
[val] steps=220000 updates=53998 val_score=60.0 death=1.00 win=0.00 (42.1 min)
[val] steps=240000 updates=58998 val_score=65.8 death=1.00 win=0.00 (46.0 min)
[val] steps=260000 updates=63998 val_score=117.3 death=1.00 win=0.00 (49.9 min)
[val] steps=280000 updates=68998 val_score=181.4 death=1.00 win=0.00 (53.9 min)
[val] steps=300000 updates=73998 val_score=124.5 death=1.00 win=0.00 (57.9 min)
[final] steps=300000 updates=73998 val_score=124.5 death=1.00 win=0.00 (58.1 min)
{"best_val_score": 181.36, "best_env_steps": 280000, "updates": 73998, "minutes": 58.126140097777046}
res4-nodueling_s2 standard/test: score 151.7 [141.5, 162.3]  death 0.99  win 0.00  steps 238
res4-nodueling_s2 hard/test: score 68.7 [63.2, 74.5]  death 1.00  win 0.00  steps 78
