training res4-nstep1_s1 -> <repo>\results_gpu\runs\res4-nstep1_s1
TrainConfig(arch='res4', obs='fields', width=16, double=True, dueling=True, n_step=1, gamma=0.99, lr=0.0005, batch=32, buffer=100000, learn_start=4000, n_envs=8, steps_per_update=4, total_env_steps=300000, tau=0.01, eps_start=1.0, eps_end=0.05, eps_frac=0.4, grad_clip=10.0, eval_every=20000, seed=1, threads=1, device='cuda')
[val] steps=20000 updates=4002 val_score=22.4 death=1.00 win=0.00 (3.4 min)
[val] steps=40000 updates=9002 val_score=51.1 death=1.00 win=0.00 (7.4 min)
[val] steps=60000 updates=14002 val_score=33.0 death=1.00 win=0.00 (11.5 min)
[val] steps=80000 updates=19002 val_score=59.2 death=1.00 win=0.00 (15.7 min)
[val] steps=100000 updates=24002 val_score=123.1 death=0.98 win=0.00 (20.0 min)
[val] steps=120000 updates=29002 val_score=163.1 death=0.94 win=0.00 (24.3 min)
[val] steps=140000 updates=34002 val_score=216.3 death=0.70 win=0.00 (28.7 min)
[val] steps=160000 updates=39002 val_score=184.4 death=0.80 win=0.00 (33.0 min)
[val] steps=180000 updates=44002 val_score=206.7 death=0.78 win=0.00 (37.2 min)
[val] steps=200000 updates=49002 val_score=96.2 death=0.98 win=0.00 (41.1 min)
[val] steps=220000 updates=54002 val_score=114.5 death=1.00 win=0.00 (45.2 min)
[val] steps=240000 updates=59002 val_score=68.0 death=1.00 win=0.00 (49.4 min)
[val] steps=260000 updates=64002 val_score=242.0 death=0.86 win=0.00 (53.7 min)
[val] steps=280000 updates=69002 val_score=226.8 death=0.96 win=0.00 (57.2 min)
[val] steps=300000 updates=74002 val_score=137.1 death=1.00 win=0.00 (59.1 min)
[final] steps=300000 updates=74002 val_score=137.1 death=1.00 win=0.00 (59.1 min)
{"best_val_score": 241.98, "best_env_steps": 260000, "updates": 74002, "minutes": 59.142708305517836}
res4-nstep1_s1 standard/test: score 216.5 [205.5, 227.5]  death 0.93  win 0.00  steps 429
res4-nstep1_s1 hard/test: score 118.2 [109.8, 126.8]  death 1.00  win 0.00  steps 144
