training res4_s2 -> <repo>\python\..\results_gpu\runs\res4_s2
TrainConfig(arch='res4', obs='fields', width=16, double=True, dueling=True, n_step=3, gamma=0.99, lr=0.0005, batch=32, buffer=100000, learn_start=4000, n_envs=8, steps_per_update=4, total_env_steps=300000, tau=0.01, eps_start=1.0, eps_end=0.05, eps_frac=0.4, grad_clip=10.0, eval_every=20000, seed=2, threads=1, device='cuda')
[val] steps=20000 updates=3998 val_score=21.3 death=1.00 win=0.00 (3.3 min)
[val] steps=40000 updates=8998 val_score=18.1 death=1.00 win=0.00 (7.4 min)
[val] steps=60000 updates=13998 val_score=26.5 death=1.00 win=0.00 (11.4 min)
[val] steps=80000 updates=18998 val_score=51.4 death=1.00 win=0.00 (15.4 min)
[val] steps=100000 updates=23998 val_score=66.9 death=1.00 win=0.00 (19.5 min)
[val] steps=120000 updates=28998 val_score=97.2 death=1.00 win=0.00 (23.6 min)
[val] steps=140000 updates=33998 val_score=138.2 death=1.00 win=0.00 (27.7 min)
[val] steps=160000 updates=38998 val_score=200.1 death=1.00 win=0.00 (31.8 min)
[val] steps=180000 updates=43998 val_score=121.8 death=1.00 win=0.00 (35.9 min)
[val] steps=200000 updates=48998 val_score=81.2 death=1.00 win=0.00 (39.9 min)
[val] steps=220000 updates=53998 val_score=96.3 death=1.00 win=0.00 (44.0 min)
[val] steps=240000 updates=58998 val_score=88.9 death=1.00 win=0.00 (48.1 min)
[val] steps=260000 updates=63998 val_score=79.2 death=1.00 win=0.00 (52.2 min)
[val] steps=280000 updates=68998 val_score=94.1 death=1.00 win=0.00 (56.4 min)
[val] steps=300000 updates=73998 val_score=128.7 death=0.98 win=0.00 (60.6 min)
[final] steps=300000 updates=73998 val_score=128.7 death=0.98 win=0.00 (60.9 min)
{"best_val_score": 200.12, "best_env_steps": 160000, "updates": 73998, "minutes": 60.91563807328542}
res4_s2 standard/test: score 191.0 [182.2, 200.1]  death 1.00  win 0.00  steps 332
res4_s2 hard/test: score 66.3 [61.2, 71.8]  death 1.00  win 0.00  steps 80
