training res4-nodouble_s2 -> <repo>\results_gpu\runs\res4-nodouble_s2
TrainConfig(arch='res4', obs='fields', width=16, double=False, dueling=True, n_step=3, gamma=0.99, lr=0.0005, batch=32, buffer=100000, learn_start=4000, n_envs=8, steps_per_update=4, total_env_steps=300000, tau=0.01, eps_start=1.0, eps_end=0.05, eps_frac=0.4, grad_clip=10.0, eval_every=20000, seed=2, threads=1, device='cuda')
[val] steps=20000 updates=3998 val_score=16.8 death=1.00 win=0.00 (2.9 min)
[val] steps=40000 updates=8998 val_score=34.1 death=1.00 win=0.00 (6.3 min)
[val] steps=60000 updates=13998 val_score=46.5 death=1.00 win=0.00 (9.9 min)
[val] steps=80000 updates=18998 val_score=59.6 death=1.00 win=0.00 (13.3 min)
[val] steps=100000 updates=23998 val_score=88.2 death=1.00 win=0.00 (16.9 min)
[val] steps=120000 updates=28998 val_score=130.5 death=1.00 win=0.00 (20.6 min)
[val] steps=140000 updates=33998 val_score=143.1 death=1.00 win=0.00 (24.2 min)
[val] steps=160000 updates=38998 val_score=118.5 death=1.00 win=0.00 (27.8 min)
[val] steps=180000 updates=43998 val_score=110.9 death=1.00 win=0.00 (31.4 min)
[val] steps=200000 updates=48998 val_score=83.1 death=1.00 win=0.00 (35.0 min)
[val] steps=220000 updates=53998 val_score=96.8 death=1.00 win=0.00 (38.5 min)
[val] steps=240000 updates=58998 val_score=78.1 death=1.00 win=0.00 (42.1 min)
[val] steps=260000 updates=63998 val_score=177.5 death=1.00 win=0.00 (45.8 min)
[val] steps=280000 updates=68998 val_score=106.9 death=1.00 win=0.00 (49.4 min)
[val] steps=300000 updates=73998 val_score=138.8 death=1.00 win=0.00 (53.0 min)
[final] steps=300000 updates=73998 val_score=138.8 death=1.00 win=0.00 (53.3 min)
{"best_val_score": 177.46, "best_env_steps": 260000, "updates": 73998, "minutes": 53.326508498191835}
res4-nodouble_s2 standard/test: score 133.9 [123.7, 144.1]  death 1.00  win 0.00  steps 213
res4-nodouble_s2 hard/test: score 75.8 [68.9, 83.1]  death 1.00  win 0.00  steps 90
