training mlp-nodouble_s1 -> <repo>\python\..\results_gpu\runs\mlp-nodouble_s1
TrainConfig(arch='mlp', obs='fields', width=16, double=False, dueling=True, n_step=3, gamma=0.99, lr=0.0005, batch=32, buffer=100000, learn_start=4000, n_envs=8, steps_per_update=4, total_env_steps=300000, tau=0.01, eps_start=1.0, eps_end=0.05, eps_frac=0.4, grad_clip=10.0, eval_every=20000, seed=1, threads=1, device='cpu')
[val] steps=20000 updates=3998 val_score=49.2 death=1.00 win=0.00 (0.9 min)
[val] steps=40000 updates=8998 val_score=87.5 death=1.00 win=0.00 (2.1 min)
[val] steps=60000 updates=13998 val_score=154.3 death=0.90 win=0.10 (3.3 min)
[val] steps=80000 updates=18998 val_score=198.1 death=0.98 win=0.02 (4.6 min)
[val] steps=100000 updates=23998 val_score=240.3 death=0.82 win=0.18 (5.9 min)
[val] steps=120000 updates=28998 val_score=225.2 death=0.90 win=0.10 (7.2 min)
[val] steps=140000 updates=33998 val_score=215.2 death=0.82 win=0.18 (8.5 min)
[val] steps=160000 updates=38998 val_score=272.4 death=0.66 win=0.34 (9.8 min)
[val] steps=180000 updates=43998 val_score=248.5 death=0.74 win=0.26 (11.1 min)
[val] steps=200000 updates=48998 val_score=135.9 death=0.96 win=0.04 (12.5 min)
[val] steps=220000 updates=53998 val_score=198.2 death=0.92 win=0.08 (13.9 min)
[val] steps=240000 updates=58998 val_score=239.1 death=0.84 win=0.16 (15.3 min)
[val] steps=260000 updates=63998 val_score=221.4 death=0.84 win=0.16 (16.9 min)
[val] steps=280000 updates=68998 val_score=251.0 death=0.70 win=0.30 (18.4 min)
[val] steps=300000 updates=73998 val_score=277.6 death=0.70 win=0.30 (20.0 min)
[final] steps=300000 updates=73998 val_score=277.6 death=0.70 win=0.30 (20.2 min)
{"best_val_score": 277.58, "best_env_steps": 300000, "updates": 73998, "minutes": 20.176708408196767}
mlp-nodouble_s1 standard/test: score 270.1 [256.5, 283.9]  death 0.63  win 0.37  steps 409
mlp-nodouble_s1 hard/test: score 97.5 [89.7, 105.3]  death 1.00  win 0.00  steps 123
