training res4-nstep1_s0 -> <repo>\results_gpu\runs\res4-nstep1_s0
TrainConfig(arch='res4', obs='fields', width=16, double=True, dueling=True, n_step=1, gamma=0.99, lr=0.0005, batch=32, buffer=100000, learn_start=4000, n_envs=8, steps_per_update=4, total_env_steps=300000, tau=0.01, eps_start=1.0, eps_end=0.05, eps_frac=0.4, grad_clip=10.0, eval_every=20000, seed=0, threads=1, device='cuda')
[val] steps=20000 updates=4002 val_score=44.9 death=1.00 win=0.00 (3.3 min)
[val] steps=40000 updates=9002 val_score=39.9 death=1.00 win=0.00 (7.4 min)
[val] steps=60000 updates=14002 val_score=70.9 death=1.00 win=0.00 (11.5 min)
[val] steps=80000 updates=19002 val_score=140.3 death=0.96 win=0.00 (15.8 min)
[val] steps=100000 updates=24002 val_score=149.4 death=0.94 win=0.00 (20.1 min)
[val] steps=120000 updates=29002 val_score=128.5 death=0.86 win=0.00 (24.4 min)
[val] steps=140000 updates=34002 val_score=174.3 death=0.86 win=0.00 (28.8 min)
[val] steps=160000 updates=39002 val_score=255.0 death=0.74 win=0.00 (33.2 min)
[val] steps=180000 updates=44002 val_score=170.7 death=0.92 win=0.00 (37.5 min)
[val] steps=200000 updates=49002 val_score=267.0 death=0.72 win=0.00 (41.9 min)
[val] steps=220000 updates=54002 val_score=236.0 death=0.84 win=0.00 (46.3 min)
[val] steps=240000 updates=59002 val_score=173.6 death=0.90 win=0.00 (50.6 min)
[val] steps=260000 updates=64002 val_score=203.4 death=0.92 win=0.00 (54.9 min)
[val] steps=280000 updates=69002 val_score=194.2 death=0.92 win=0.00 (59.2 min)
[val] steps=300000 updates=74002 val_score=226.4 death=0.92 win=0.00 (63.5 min)
[final] steps=300000 updates=74002 val_score=226.4 death=0.92 win=0.00 (63.9 min)
{"best_val_score": 266.98, "best_env_steps": 200000, "updates": 74002, "minutes": 63.937642892201744}
res4-nstep1_s0 standard/test: score 241.7 [230.4, 253.0]  death 0.83  win 0.00  steps 518
res4-nstep1_s0 hard/test: score 106.6 [98.1, 115.3]  death 1.00  win 0.00  steps 137
